// Jest Snapshot v1, https://goo.gl/fbAQLP

exports[`Profile renders correctly 1`] = `
<div
  className="container"
  data-testid="profile"
>
  <div
    className="login"
  >
    <div
      className="form"
    >
      <div
        className="profile__content"
      >
        <div
          className="form__header profile"
        >
          Профиль
        </div>
        <div
          className="form__text profile"
        >
          Способ оплаты
        </div>
      </div>
      <form
        className="form__input profile__input"
        onSubmit={[Function]}
      >
        <div
          className="form__input-container"
        >
          <div
            className="column"
          >
            <span
              className="mc-icon"
            >
              <img
                alt="MC"
                className="mc-img"
                src="mc.svg"
              />
            </span>
            <div
              className="MuiFormControl-root MuiTextField-root input"
            >
              <label
                className="MuiFormLabel-root MuiInputLabel-root MuiInputLabel-formControl MuiInputLabel-animated"
                data-shrink={false}
                htmlFor="standard-basic"
                id="standard-basic-label"
              >
                Номер карты
              </label>
              <div
                className="MuiInputBase-root MuiInput-root MuiInput-underline MuiInputBase-formControl MuiInput-formControl"
                onClick={[Function]}
              >
                <input
                  aria-invalid={false}
                  autoFocus={false}
                  className="MuiInputBase-input MuiInput-input"
                  disabled={false}
                  id="standard-basic"
                  name="cardNumber"
                  onAnimationStart={[Function]}
                  onBlur={[Function]}
                  onChange={[Function]}
                  onFocus={[Function]}
                  placeholder="0000 0000 0000 0000"
                  required={false}
                  type="text"
                />
              </div>
            </div>
            <div
              className="MuiFormControl-root MuiTextField-root input"
              format="MM/yy"
            >
              <label
                className="MuiFormLabel-root MuiInputLabel-root MuiInputLabel-formControl MuiInputLabel-animated MuiInputLabel-shrink"
                data-shrink={true}
                htmlFor="date"
                id="date-label"
              >
                Дейстителен до
              </label>
              <div
                className="MuiInputBase-root MuiInput-root MuiInput-underline MuiInputBase-formControl MuiInput-formControl"
                onClick={[Function]}
              >
                <input
                  aria-invalid={false}
                  autoFocus={false}
                  className="MuiInputBase-input MuiInput-input"
                  disabled={false}
                  id="date"
                  name="expiryDate"
                  onAnimationStart={[Function]}
                  onBlur={[Function]}
                  onChange={[Function]}
                  onFocus={[Function]}
                  required={false}
                  type="date"
                />
              </div>
            </div>
          </div>
          <div
            className="column"
          >
            <div
              className="MuiFormControl-root MuiTextField-root input"
            >
              <label
                className="MuiFormLabel-root MuiInputLabel-root MuiInputLabel-formControl MuiInputLabel-animated"
                data-shrink={false}
                htmlFor="standard-basic"
                id="standard-basic-label"
              >
                Имя владельца
              </label>
              <div
                className="MuiInputBase-root MuiInput-root MuiInput-underline MuiInputBase-formControl MuiInput-formControl"
                onClick={[Function]}
              >
                <input
                  aria-invalid={false}
                  autoFocus={false}
                  className="MuiInputBase-input MuiInput-input"
                  disabled={false}
                  id="standard-basic"
                  name="cardName"
                  onAnimationStart={[Function]}
                  onBlur={[Function]}
                  onChange={[Function]}
                  onFocus={[Function]}
                  required={false}
                  type="text"
                />
              </div>
            </div>
            <div
              className="MuiFormControl-root MuiTextField-root input"
            >
              <label
                className="MuiFormLabel-root MuiInputLabel-root MuiInputLabel-formControl MuiInputLabel-animated"
                data-shrink={false}
                htmlFor="standard-basic"
                id="standard-basic-label"
              >
                CVC
              </label>
              <div
                className="MuiInputBase-root MuiInput-root MuiInput-underline MuiInputBase-formControl MuiInput-formControl"
                onClick={[Function]}
              >
                <input
                  aria-invalid={false}
                  autoFocus={false}
                  className="MuiInputBase-input MuiInput-input"
                  disabled={false}
                  id="standard-basic"
                  name="cvc"
                  onAnimationStart={[Function]}
                  onBlur={[Function]}
                  onChange={[Function]}
                  onFocus={[Function]}
                  required={false}
                  type="text"
                />
              </div>
            </div>
          </div>
        </div>
        <button
          className="button"
          to="map"
          type="submit"
        >
          Сохранить данные
        </button>
      </form>
    </div>
  </div>
</div>
`;
