// Jest Snapshot v1, https://goo.gl/fbAQLP

exports[`Profile renders correctly 1`] = `
<div
  className="container"
  data-testid="profile"
>
  <div
    className="login"
  >
    <div
      className="form"
    >
      <div
        className="profile__content"
      >
        <div
          className="form__header profile"
        >
          Профиль
        </div>
        <div
          className="form__text profile"
        >
          Способ оплаты
        </div>
      </div>
      <form
        className="form__input profile__input"
        onSubmit={[Function]}
      >
        <div
          className="form__input-container"
        >
          <div
            className="column"
          >
            <span
              className="mc-icon"
            >
              <img
                alt="MC"
                className="mc-img"
                src="mc.svg"
              />
            </span>
            <input
              className="input"
              name="cardNumber"
              placeholder="Номер карты"
              type="text"
            />
            <input
              className="input"
              name="expiryDate"
              placeholder="01/21"
              type="text"
            />
          </div>
          <div
            className="column"
          >
            <input
              className="input"
              name="cardName"
              placeholder="Имя владельца"
              type="text"
            />
            <input
              className="input"
              name="cvc"
              placeholder="CVC"
              type="text"
            />
          </div>
        </div>
        <button
          className="button"
          to="map"
          type="submit"
        >
          Сохранить данные
        </button>
      </form>
    </div>
  </div>
</div>
`;
